// Vitest Snapshot v1, https://vitest.dev/guide/snapshot.html

exports[`createInput sectionSchema > can create an input without a label 1`] = `
"<div class=\\"formkit-outer\\" data-empty=\\"true\\">
  <div class=\\"formkit-wrapper\\">
    <!---->
    <div class=\\"formkit-inner\\">
      <!---->
      <!---->hello
      <!---->
      <!---->
    </div>
  </div>
  <!---->
  <!---->
</div>"
`;

exports[`schema based inputs > has prefix and suffix icon support 1`] = `
"<div class=\\"formkit-outer\\" data-empty=\\"true\\" data-prefix-icon=\\"true\\" data-suffix-icon=\\"true\\">
  <div class=\\"formkit-wrapper\\">
    <!---->
    <div class=\\"formkit-inner\\"><span class=\\"formkit-prefix-icon formkit-icon\\"><svg xmlns=\\"http://www.w3.org/2000/svg\\" viewBox=\\"0 0 16 16\\"><circle cx=\\"6\\" cy=\\"6\\" r=\\"1\\" fill=\\"currentColor\\"></circle><circle cx=\\"10\\" cy=\\"6\\" r=\\"1\\" fill=\\"currentColor\\"></circle><path d=\\"M8,15c-3.86,0-7-3.14-7-7S4.14,1,8,1s7,3.14,7,7-3.14,7-7,7Zm0-13c-3.31,0-6,2.69-6,6s2.69,6,6,6,6-2.69,6-6-2.69-6-6-6Z\\" fill=\\"currentColor\\"></path><path d=\\"M8,11.5c-1.48,0-2.81-.94-3.3-2.33-.09-.26,.04-.55,.3-.64,.26-.09,.55,.04,.64,.3,.35,1,1.3,1.67,2.36,1.67s2.01-.67,2.36-1.67c.09-.26,.38-.4,.64-.3,.26,.09,.4,.38,.3,.64-.49,1.4-1.82,2.33-3.3,2.33Z\\" fill=\\"currentColor\\"></path></svg></span>
      <!---->FooBar
      <!----><span class=\\"formkit-suffix-icon formkit-icon\\"><svg xmlns=\\"http://www.w3.org/2000/svg\\" viewBox=\\"0 0 16 16\\"><circle cx=\\"6\\" cy=\\"6\\" r=\\"1\\" fill=\\"currentColor\\"></circle><circle cx=\\"10\\" cy=\\"6\\" r=\\"1\\" fill=\\"currentColor\\"></circle><path d=\\"M8,15c-3.86,0-7-3.14-7-7S4.14,1,8,1s7,3.14,7,7-3.14,7-7,7Zm0-13c-3.31,0-6,2.69-6,6s2.69,6,6,6,6-2.69,6-6-2.69-6-6-6Z\\" fill=\\"currentColor\\"></path><path d=\\"M10.83,11.5c-.21,0-.4-.13-.47-.33-.35-1-1.3-1.67-2.36-1.67s-2.01,.67-2.36,1.67c-.09,.26-.38,.4-.64,.3-.26-.09-.4-.38-.3-.64,.49-1.4,1.82-2.33,3.3-2.33s2.81,.94,3.3,2.33c.09,.26-.04,.55-.3,.64-.06,.02-.11,.03-.17,.03Z\\" fill=\\"currentColor\\"></path></svg></span>
    </div>
  </div>
  <!---->
  <!---->
</div>"
`;
